
> minted-protocol-frontend@1.0.0 dev
> next dev

 ⚠ Warning: Next.js inferred your workspace root, but it may not be correct.
 We detected multiple lockfiles and selected the directory of /Users/luiscuello/Minted-mUSD-Canton/package-lock.json as the root directory.
 To silence this warning, set `outputFileTracingRoot` in your Next.js config, or consider removing one of the lockfiles if it's not needed.
   See https://nextjs.org/docs/app/api-reference/config/next-config-js/output#caveats for more information.
 Detected additional lockfiles: 
   * /Users/luiscuello/Minted-mUSD-Canton/frontend/package-lock.json

   ▲ Next.js 15.5.12
   - Local:        http://localhost:3000
   - Network:      http://192.168.1.6:3000
   - Environments: .env.local

 ✓ Starting...
 ✓ Ready in 1165ms
 ⚠ Fast Refresh had to perform a full reload. Read more: https://nextjs.org/docs/messages/fast-refresh-reload
 ○ Compiling / ...
 ⚠ Fast Refresh had to perform a full reload. Read more: https://nextjs.org/docs/messages/fast-refresh-reload
 ⚠ ./node_modules/@metamask/sdk/dist/browser/es/metamask-sdk.js
Module not found: Can't resolve '@react-native-async-storage/async-storage' in '/Users/luiscuello/Minted-mUSD-Canton/frontend/node_modules/@metamask/sdk/dist/browser/es'

Import trace for requested module:
./node_modules/@metamask/sdk/dist/browser/es/metamask-sdk.js
./src/lib/metamask.ts
./src/hooks/useMetaMask.tsx
 GET /?page=bridge 200 in 1237ms
 HEAD / 200 in 212ms
 ⚠ ./node_modules/@metamask/sdk/dist/browser/es/metamask-sdk.js
Module not found: Can't resolve '@react-native-async-storage/async-storage' in '/Users/luiscuello/Minted-mUSD-Canton/frontend/node_modules/@metamask/sdk/dist/browser/es'

Import trace for requested module:
./node_modules/@metamask/sdk/dist/browser/es/metamask-sdk.js
./src/lib/metamask.ts
./src/hooks/useMetaMask.tsx
 ⚠ ./node_modules/@metamask/sdk/dist/browser/es/metamask-sdk.js
Module not found: Can't resolve '@react-native-async-storage/async-storage' in '/Users/luiscuello/Minted-mUSD-Canton/frontend/node_modules/@metamask/sdk/dist/browser/es'

Import trace for requested module:
./node_modules/@metamask/sdk/dist/browser/es/metamask-sdk.js
./src/lib/metamask.ts
./src/hooks/useMetaMask.tsx
 GET /api/canton-balances?party=minted-user-33f97321%3a%3a122038887449dad08a7caecd8acf578db26b02b61773070bfa7013f7563d2c01adb9 200 in 255ms
 GET /api/canton-balances?party=dde6467edc610708573d717a53c7c396%3a%3a12200d9a833bb01839aa0c236eb5fe18008bd21fa980873a0c463ba1866506b4af9e 200 in 37ms
 GET /api/canton-balances?party=dde6467edc610708573d717a53c7c396%3A%3A12200d9a833bb01839aa0c236eb5fe18008bd21fa980873a0c463ba1866506b4af9e 200 in 56ms
 GET /api/canton-balances?party=dde6467edc610708573d717a53c7c396%3A%3A12200d9a833bb01839aa0c236eb5fe18008bd21fa980873a0c463ba1866506b4af9e 200 in 62ms
 GET /api/canton-balances?party=dde6467edc610708573d717a53c7c396%3A%3A12200d9a833bb01839aa0c236eb5fe18008bd21fa980873a0c463ba1866506b4af9e 200 in 77ms
 GET /api/canton-balances?party=dde6467edc610708573d717a53c7c396%3A%3A12200d9a833bb01839aa0c236eb5fe18008bd21fa980873a0c463ba1866506b4af9e 200 in 57ms
 GET /api/canton-balances?party=dde6467edc610708573d717a53c7c396%3A%3A12200d9a833bb01839aa0c236eb5fe18008bd21fa980873a0c463ba1866506b4af9e 200 in 39ms
 GET /api/canton-balances?party=dde6467edc610708573d717a53c7c396%3A%3A12200d9a833bb01839aa0c236eb5fe18008bd21fa980873a0c463ba1866506b4af9e 200 in 44ms
 GET /api/canton-balances?party=dde6467edc610708573d717a53c7c396%3A%3A12200d9a833bb01839aa0c236eb5fe18008bd21fa980873a0c463ba1866506b4af9e 200 in 60ms
 ⚠ ./node_modules/@metamask/sdk/dist/browser/es/metamask-sdk.js
Module not found: Can't resolve '@react-native-async-storage/async-storage' in '/Users/luiscuello/Minted-mUSD-Canton/frontend/node_modules/@metamask/sdk/dist/browser/es'

Import trace for requested module:
./node_modules/@metamask/sdk/dist/browser/es/metamask-sdk.js
./src/lib/metamask.ts
./src/hooks/useMetaMask.tsx
 ⚠ ./node_modules/@metamask/sdk/dist/browser/es/metamask-sdk.js
Module not found: Can't resolve '@react-native-async-storage/async-storage' in '/Users/luiscuello/Minted-mUSD-Canton/frontend/node_modules/@metamask/sdk/dist/browser/es'

Import trace for requested module:
./node_modules/@metamask/sdk/dist/browser/es/metamask-sdk.js
./src/lib/metamask.ts
./src/hooks/useMetaMask.tsx
[canton-command] EXERCISE 0489a86388cc81e3e0bee8dc8f6781229d0e01451c1f2d19deea594255e5993b:CantonDirectMint:CantonDirectMintService DirectMint_Redeem on 006aaff31d97e3c773cf
 POST /api/canton-command 200 in 941ms
 GET /api/canton-balances?party=dde6467edc610708573d717a53c7c396%3A%3A12200d9a833bb01839aa0c236eb5fe18008bd21fa980873a0c463ba1866506b4af9e 200 in 91ms
 ⚠ ./node_modules/@metamask/sdk/dist/browser/es/metamask-sdk.js
Module not found: Can't resolve '@react-native-async-storage/async-storage' in '/Users/luiscuello/Minted-mUSD-Canton/frontend/node_modules/@metamask/sdk/dist/browser/es'

Import trace for requested module:
./node_modules/@metamask/sdk/dist/browser/es/metamask-sdk.js
./src/lib/metamask.ts
./src/hooks/useMetaMask.tsx
 ⚠ ./node_modules/@metamask/sdk/dist/browser/es/metamask-sdk.js
Module not found: Can't resolve '@react-native-async-storage/async-storage' in '/Users/luiscuello/Minted-mUSD-Canton/frontend/node_modules/@metamask/sdk/dist/browser/es'

Import trace for requested module:
./node_modules/@metamask/sdk/dist/browser/es/metamask-sdk.js
./src/lib/metamask.ts
./src/hooks/useMetaMask.tsx
 GET /api/onboard?action=status&ethAddress=0x33f97321214b5b8443f6212a05836c8ffe42dda5 200 in 271ms
 ⚠ ./node_modules/@metamask/sdk/dist/browser/es/metamask-sdk.js
Module not found: Can't resolve '@react-native-async-storage/async-storage' in '/Users/luiscuello/Minted-mUSD-Canton/frontend/node_modules/@metamask/sdk/dist/browser/es'

Import trace for requested module:
./node_modules/@metamask/sdk/dist/browser/es/metamask-sdk.js
./src/lib/metamask.ts
./src/hooks/useMetaMask.tsx
 ⚠ ./node_modules/@metamask/sdk/dist/browser/es/metamask-sdk.js
Module not found: Can't resolve '@react-native-async-storage/async-storage' in '/Users/luiscuello/Minted-mUSD-Canton/frontend/node_modules/@metamask/sdk/dist/browser/es'

Import trace for requested module:
./node_modules/@metamask/sdk/dist/browser/es/metamask-sdk.js
./src/lib/metamask.ts
./src/hooks/useMetaMask.tsx
 GET /api/canton-balances?party=dde6467edc610708573d717a53c7c396%3A%3A12200d9a833bb01839aa0c236eb5fe18008bd21fa980873a0c463ba1866506b4af9e 200 in 153ms
 GET /api/canton-balances?party=dde6467edc610708573d717a53c7c396%3A%3A12200d9a833bb01839aa0c236eb5fe18008bd21fa980873a0c463ba1866506b4af9e 200 in 100ms
 GET /api/onboard?action=status&ethAddress=0x33f97321214b5b8443f6212a05836c8ffe42dda5 200 in 7ms
 GET /api/onboard?action=status&ethAddress=0x33f97321214b5b8443f6212a05836c8ffe42dda5 200 in 20ms
 GET /api/canton-balances?party=dde6467edc610708573d717a53c7c396%3A%3A12200d9a833bb01839aa0c236eb5fe18008bd21fa980873a0c463ba1866506b4af9e 200 in 57ms
 GET /api/canton-balances?party=dde6467edc610708573d717a53c7c396%3A%3A12200d9a833bb01839aa0c236eb5fe18008bd21fa980873a0c463ba1866506b4af9e 200 in 31ms
 GET /api/canton-balances?party=dde6467edc610708573d717a53c7c396%3A%3A12200d9a833bb01839aa0c236eb5fe18008bd21fa980873a0c463ba1866506b4af9e 200 in 49ms
 GET /api/canton-balances?party=dde6467edc610708573d717a53c7c396%3A%3A12200d9a833bb01839aa0c236eb5fe18008bd21fa980873a0c463ba1866506b4af9e 200 in 30ms
 GET /api/canton-balances?party=dde6467edc610708573d717a53c7c396%3A%3A12200d9a833bb01839aa0c236eb5fe18008bd21fa980873a0c463ba1866506b4af9e 200 in 36ms
 GET /api/canton-balances?party=dde6467edc610708573d717a53c7c396%3A%3A12200d9a833bb01839aa0c236eb5fe18008bd21fa980873a0c463ba1866506b4af9e 200 in 28ms
 GET /api/canton-balances?party=dde6467edc610708573d717a53c7c396%3A%3A12200d9a833bb01839aa0c236eb5fe18008bd21fa980873a0c463ba1866506b4af9e 200 in 38ms
 GET /api/canton-balances?party=dde6467edc610708573d717a53c7c396%3A%3A12200d9a833bb01839aa0c236eb5fe18008bd21fa980873a0c463ba1866506b4af9e 200 in 25ms
 GET /api/canton-balances?party=dde6467edc610708573d717a53c7c396%3A%3A12200d9a833bb01839aa0c236eb5fe18008bd21fa980873a0c463ba1866506b4af9e 200 in 33ms
 GET /api/canton-balances?party=dde6467edc610708573d717a53c7c396%3A%3A12200d9a833bb01839aa0c236eb5fe18008bd21fa980873a0c463ba1866506b4af9e 200 in 28ms
 GET /api/canton-balances?party=dde6467edc610708573d717a53c7c396%3A%3A12200d9a833bb01839aa0c236eb5fe18008bd21fa980873a0c463ba1866506b4af9e 200 in 39ms
 GET /api/canton-balances?party=dde6467edc610708573d717a53c7c396%3A%3A12200d9a833bb01839aa0c236eb5fe18008bd21fa980873a0c463ba1866506b4af9e 200 in 28ms
 GET /api/canton-balances?party=dde6467edc610708573d717a53c7c396%3A%3A12200d9a833bb01839aa0c236eb5fe18008bd21fa980873a0c463ba1866506b4af9e 200 in 43ms
 GET /api/canton-balances?party=dde6467edc610708573d717a53c7c396%3A%3A12200d9a833bb01839aa0c236eb5fe18008bd21fa980873a0c463ba1866506b4af9e 200 in 29ms
 GET /api/canton-balances?party=dde6467edc610708573d717a53c7c396%3A%3A12200d9a833bb01839aa0c236eb5fe18008bd21fa980873a0c463ba1866506b4af9e 200 in 58ms
 GET /api/canton-balances?party=dde6467edc610708573d717a53c7c396%3A%3A12200d9a833bb01839aa0c236eb5fe18008bd21fa980873a0c463ba1866506b4af9e 200 in 52ms
 HEAD / 200 in 346ms
 GET /api/canton-balances?party=dde6467edc610708573d717a53c7c396%3A%3A12200d9a833bb01839aa0c236eb5fe18008bd21fa980873a0c463ba1866506b4af9e 200 in 65ms
 GET /api/canton-balances?party=dde6467edc610708573d717a53c7c396%3A%3A12200d9a833bb01839aa0c236eb5fe18008bd21fa980873a0c463ba1866506b4af9e 200 in 155ms
 GET /api/canton-balances?party=dde6467edc610708573d717a53c7c396%3A%3A12200d9a833bb01839aa0c236eb5fe18008bd21fa980873a0c463ba1866506b4af9e 200 in 46ms
 GET /api/canton-balances?party=dde6467edc610708573d717a53c7c396%3A%3A12200d9a833bb01839aa0c236eb5fe18008bd21fa980873a0c463ba1866506b4af9e 200 in 34ms
 GET /api/canton-balances?party=dde6467edc610708573d717a53c7c396%3A%3A12200d9a833bb01839aa0c236eb5fe18008bd21fa980873a0c463ba1866506b4af9e 200 in 112ms
 GET /api/canton-balances?party=dde6467edc610708573d717a53c7c396%3A%3A12200d9a833bb01839aa0c236eb5fe18008bd21fa980873a0c463ba1866506b4af9e 200 in 143ms
 GET /api/canton-balances?party=dde6467edc610708573d717a53c7c396%3A%3A12200d9a833bb01839aa0c236eb5fe18008bd21fa980873a0c463ba1866506b4af9e 200 in 50ms
 ⚠ ./node_modules/@metamask/sdk/dist/browser/es/metamask-sdk.js
Module not found: Can't resolve '@react-native-async-storage/async-storage' in '/Users/luiscuello/Minted-mUSD-Canton/frontend/node_modules/@metamask/sdk/dist/browser/es'

Import trace for requested module:
./node_modules/@metamask/sdk/dist/browser/es/metamask-sdk.js
./src/lib/metamask.ts
./src/hooks/useMetaMask.tsx
 ⚠ ./node_modules/@metamask/sdk/dist/browser/es/metamask-sdk.js
Module not found: Can't resolve '@react-native-async-storage/async-storage' in '/Users/luiscuello/Minted-mUSD-Canton/frontend/node_modules/@metamask/sdk/dist/browser/es'

Import trace for requested module:
./node_modules/@metamask/sdk/dist/browser/es/metamask-sdk.js
./src/lib/metamask.ts
./src/hooks/useMetaMask.tsx
[canton-command] EXERCISE 0489a86388cc81e3e0bee8dc8f6781229d0e01451c1f2d19deea594255e5993b:CantonDirectMint:CantonDirectMintService DirectMint_Redeem on 008a020a1b3c13d0ee8a
 POST /api/canton-command 200 in 563ms
 GET /api/canton-balances?party=dde6467edc610708573d717a53c7c396%3A%3A12200d9a833bb01839aa0c236eb5fe18008bd21fa980873a0c463ba1866506b4af9e 200 in 63ms
 GET /api/canton-balances?party=dde6467edc610708573d717a53c7c396%3A%3A12200d9a833bb01839aa0c236eb5fe18008bd21fa980873a0c463ba1866506b4af9e 200 in 56ms
 GET /api/canton-balances?party=dde6467edc610708573d717a53c7c396%3A%3A12200d9a833bb01839aa0c236eb5fe18008bd21fa980873a0c463ba1866506b4af9e 200 in 52ms
 GET /api/canton-balances?party=dde6467edc610708573d717a53c7c396%3A%3A12200d9a833bb01839aa0c236eb5fe18008bd21fa980873a0c463ba1866506b4af9e 200 in 59ms
[canton-command] EXERCISE 0489a86388cc81e3e0bee8dc8f6781229d0e01451c1f2d19deea594255e5993b:CantonDirectMint:CantonDirectMintService DirectMint_Redeem on 00227a33e126dfaf966a
 POST /api/canton-command 200 in 679ms
 GET /api/canton-balances?party=dde6467edc610708573d717a53c7c396%3A%3A12200d9a833bb01839aa0c236eb5fe18008bd21fa980873a0c463ba1866506b4af9e 200 in 62ms
 GET /api/canton-balances?party=dde6467edc610708573d717a53c7c396%3A%3A12200d9a833bb01839aa0c236eb5fe18008bd21fa980873a0c463ba1866506b4af9e 200 in 51ms
 GET /api/canton-balances?party=dde6467edc610708573d717a53c7c396%3A%3A12200d9a833bb01839aa0c236eb5fe18008bd21fa980873a0c463ba1866506b4af9e 200 in 49ms
 ⚠ ./node_modules/@metamask/sdk/dist/browser/es/metamask-sdk.js
Module not found: Can't resolve '@react-native-async-storage/async-storage' in '/Users/luiscuello/Minted-mUSD-Canton/frontend/node_modules/@metamask/sdk/dist/browser/es'

Import trace for requested module:
./node_modules/@metamask/sdk/dist/browser/es/metamask-sdk.js
./src/lib/metamask.ts
./src/hooks/useMetaMask.tsx
 ⚠ ./node_modules/@metamask/sdk/dist/browser/es/metamask-sdk.js
Module not found: Can't resolve '@react-native-async-storage/async-storage' in '/Users/luiscuello/Minted-mUSD-Canton/frontend/node_modules/@metamask/sdk/dist/browser/es'

Import trace for requested module:
./node_modules/@metamask/sdk/dist/browser/es/metamask-sdk.js
./src/lib/metamask.ts
./src/hooks/useMetaMask.tsx
 GET /api/onboard?action=status&ethAddress=0x33f97321214b5b8443f6212a05836c8ffe42dda5 200 in 135ms
 GET /api/canton-balances?party=dde6467edc610708573d717a53c7c396%3A%3A12200d9a833bb01839aa0c236eb5fe18008bd21fa980873a0c463ba1866506b4af9e 200 in 68ms
 GET /api/canton-balances?party=dde6467edc610708573d717a53c7c396%3A%3A12200d9a833bb01839aa0c236eb5fe18008bd21fa980873a0c463ba1866506b4af9e 200 in 32ms
 GET /api/canton-balances?party=dde6467edc610708573d717a53c7c396%3A%3A12200d9a833bb01839aa0c236eb5fe18008bd21fa980873a0c463ba1866506b4af9e 200 in 47ms
 GET /api/canton-balances?party=dde6467edc610708573d717a53c7c396%3A%3A12200d9a833bb01839aa0c236eb5fe18008bd21fa980873a0c463ba1866506b4af9e 200 in 37ms
 GET /api/canton-balances?party=dde6467edc610708573d717a53c7c396%3A%3A12200d9a833bb01839aa0c236eb5fe18008bd21fa980873a0c463ba1866506b4af9e 200 in 44ms
 GET /api/canton-balances?party=dde6467edc610708573d717a53c7c396%3A%3A12200d9a833bb01839aa0c236eb5fe18008bd21fa980873a0c463ba1866506b4af9e 200 in 46ms
 GET /api/canton-balances?party=dde6467edc610708573d717a53c7c396%3A%3A12200d9a833bb01839aa0c236eb5fe18008bd21fa980873a0c463ba1866506b4af9e 200 in 33ms
 GET /api/canton-balances?party=dde6467edc610708573d717a53c7c396%3A%3A12200d9a833bb01839aa0c236eb5fe18008bd21fa980873a0c463ba1866506b4af9e 200 in 28ms
 GET /api/canton-balances?party=dde6467edc610708573d717a53c7c396%3A%3A12200d9a833bb01839aa0c236eb5fe18008bd21fa980873a0c463ba1866506b4af9e 200 in 75ms
 GET /api/canton-balances?party=dde6467edc610708573d717a53c7c396%3A%3A12200d9a833bb01839aa0c236eb5fe18008bd21fa980873a0c463ba1866506b4af9e 200 in 71ms
 GET /api/onboard?action=status&ethAddress=0x33f97321214b5b8443f6212a05836c8ffe42dda5 304 in 6ms
 GET /api/onboard?action=status&ethAddress=0x33f97321214b5b8443f6212a05836c8ffe42dda5 304 in 3ms
 GET /api/canton-balances?party=dde6467edc610708573d717a53c7c396%3A%3A12200d9a833bb01839aa0c236eb5fe18008bd21fa980873a0c463ba1866506b4af9e 200 in 175ms
 GET /api/canton-balances?party=dde6467edc610708573d717a53c7c396%3A%3A12200d9a833bb01839aa0c236eb5fe18008bd21fa980873a0c463ba1866506b4af9e 200 in 199ms
 GET /api/canton-balances?party=dde6467edc610708573d717a53c7c396%3A%3A12200d9a833bb01839aa0c236eb5fe18008bd21fa980873a0c463ba1866506b4af9e 200 in 93ms
 GET /api/canton-balances?party=dde6467edc610708573d717a53c7c396%3A%3A12200d9a833bb01839aa0c236eb5fe18008bd21fa980873a0c463ba1866506b4af9e 200 in 87ms
 GET /api/canton-balances?party=dde6467edc610708573d717a53c7c396%3A%3A12200d9a833bb01839aa0c236eb5fe18008bd21fa980873a0c463ba1866506b4af9e 200 in 116ms
 GET /api/canton-balances?party=dde6467edc610708573d717a53c7c396%3A%3A12200d9a833bb01839aa0c236eb5fe18008bd21fa980873a0c463ba1866506b4af9e 200 in 67ms
 GET /api/canton-balances?party=dde6467edc610708573d717a53c7c396%3A%3A12200d9a833bb01839aa0c236eb5fe18008bd21fa980873a0c463ba1866506b4af9e 200 in 135ms
 GET /api/canton-balances?party=dde6467edc610708573d717a53c7c396%3A%3A12200d9a833bb01839aa0c236eb5fe18008bd21fa980873a0c463ba1866506b4af9e 200 in 40ms
 GET /api/canton-balances?party=dde6467edc610708573d717a53c7c396%3A%3A12200d9a833bb01839aa0c236eb5fe18008bd21fa980873a0c463ba1866506b4af9e 200 in 60ms
 GET /api/canton-balances?party=dde6467edc610708573d717a53c7c396%3A%3A12200d9a833bb01839aa0c236eb5fe18008bd21fa980873a0c463ba1866506b4af9e 200 in 54ms
 GET /api/canton-balances?party=dde6467edc610708573d717a53c7c396%3A%3A12200d9a833bb01839aa0c236eb5fe18008bd21fa980873a0c463ba1866506b4af9e 200 in 76ms
 GET /api/canton-balances?party=dde6467edc610708573d717a53c7c396%3A%3A12200d9a833bb01839aa0c236eb5fe18008bd21fa980873a0c463ba1866506b4af9e 200 in 35ms
 GET /api/canton-balances?party=dde6467edc610708573d717a53c7c396%3A%3A12200d9a833bb01839aa0c236eb5fe18008bd21fa980873a0c463ba1866506b4af9e 200 in 36ms
 GET /api/canton-balances?party=dde6467edc610708573d717a53c7c396%3A%3A12200d9a833bb01839aa0c236eb5fe18008bd21fa980873a0c463ba1866506b4af9e 200 in 38ms
 GET /api/canton-balances?party=dde6467edc610708573d717a53c7c396%3A%3A12200d9a833bb01839aa0c236eb5fe18008bd21fa980873a0c463ba1866506b4af9e 200 in 50ms
 GET /api/canton-balances?party=dde6467edc610708573d717a53c7c396%3A%3A12200d9a833bb01839aa0c236eb5fe18008bd21fa980873a0c463ba1866506b4af9e 200 in 78ms
 GET /api/canton-balances?party=dde6467edc610708573d717a53c7c396%3A%3A12200d9a833bb01839aa0c236eb5fe18008bd21fa980873a0c463ba1866506b4af9e 200 in 38ms
 GET /api/canton-balances?party=dde6467edc610708573d717a53c7c396%3A%3A12200d9a833bb01839aa0c236eb5fe18008bd21fa980873a0c463ba1866506b4af9e 200 in 25ms
 GET /api/canton-balances?party=dde6467edc610708573d717a53c7c396%3A%3A12200d9a833bb01839aa0c236eb5fe18008bd21fa980873a0c463ba1866506b4af9e 200 in 49ms
 GET /api/canton-balances?party=dde6467edc610708573d717a53c7c396%3A%3A12200d9a833bb01839aa0c236eb5fe18008bd21fa980873a0c463ba1866506b4af9e 200 in 25ms
 GET /api/canton-balances?party=dde6467edc610708573d717a53c7c396%3A%3A12200d9a833bb01839aa0c236eb5fe18008bd21fa980873a0c463ba1866506b4af9e 200 in 36ms
 GET /api/canton-balances?party=dde6467edc610708573d717a53c7c396%3A%3A12200d9a833bb01839aa0c236eb5fe18008bd21fa980873a0c463ba1866506b4af9e 200 in 29ms
 GET /api/canton-balances?party=dde6467edc610708573d717a53c7c396%3A%3A12200d9a833bb01839aa0c236eb5fe18008bd21fa980873a0c463ba1866506b4af9e 200 in 56ms
[canton-command] EXERCISE 0489a86388cc81e3e0bee8dc8f6781229d0e01451c1f2d19deea594255e5993b:CantonDirectMint:CantonMUSD CantonMUSD_Split on 002e176cd82cfae1e360
 POST /api/canton-command 200 in 537ms
 GET /api/canton-balances?party=dde6467edc610708573d717a53c7c396%3A%3A12200d9a833bb01839aa0c236eb5fe18008bd21fa980873a0c463ba1866506b4af9e 200 in 27ms
[canton-command] EXERCISE 0489a86388cc81e3e0bee8dc8f6781229d0e01451c1f2d19deea594255e5993b:CantonDirectMint:CantonDirectMintService DirectMint_Redeem on 0013d526c3e1532f6222
 POST /api/canton-command 200 in 419ms
 GET /api/canton-balances?party=dde6467edc610708573d717a53c7c396%3A%3A12200d9a833bb01839aa0c236eb5fe18008bd21fa980873a0c463ba1866506b4af9e 200 in 46ms
 GET /?id=85f56062-2cb1-496f-aec8-4d72a7621a66&vscodeBrowserReqId=1771755877784 200 in 1232ms
 GET /?id=26c552bb-fe3a-4c94-a148-eff99b3e1624&vscodeBrowserReqId=1771755910616 200 in 248ms
 GET /api/onboard?action=status&ethAddress=0x33f97321214b5b8443f6212a05836c8ffe42dda5 304 in 10ms
 GET /api/onboard?action=status&ethAddress=0x33f97321214b5b8443f6212a05836c8ffe42dda5 200 in 2ms
 GET /api/canton-balances?party=dde6467edc610708573d717a53c7c396%3A%3A12200d9a833bb01839aa0c236eb5fe18008bd21fa980873a0c463ba1866506b4af9e 200 in 54ms
 GET /api/canton-balances?party=dde6467edc610708573d717a53c7c396%3A%3A12200d9a833bb01839aa0c236eb5fe18008bd21fa980873a0c463ba1866506b4af9e 200 in 91ms
 GET /api/canton-balances?party=dde6467edc610708573d717a53c7c396%3A%3A12200d9a833bb01839aa0c236eb5fe18008bd21fa980873a0c463ba1866506b4af9e 200 in 120ms
 GET /api/canton-balances?party=dde6467edc610708573d717a53c7c396%3A%3A12200d9a833bb01839aa0c236eb5fe18008bd21fa980873a0c463ba1866506b4af9e 200 in 48ms
 GET /api/canton-balances?party=dde6467edc610708573d717a53c7c396%3A%3A12200d9a833bb01839aa0c236eb5fe18008bd21fa980873a0c463ba1866506b4af9e 200 in 69ms
[canton-command] EXERCISE 0489a86388cc81e3e0bee8dc8f6781229d0e01451c1f2d19deea594255e5993b:CantonDirectMint:CantonDirectMintService DirectMint_Redeem on 001962beb8eedd1ae2a1
 POST /api/canton-command 200 in 764ms
 GET /api/canton-balances?party=dde6467edc610708573d717a53c7c396%3A%3A12200d9a833bb01839aa0c236eb5fe18008bd21fa980873a0c463ba1866506b4af9e 200 in 37ms
 GET /api/canton-balances?party=dde6467edc610708573d717a53c7c396%3A%3A12200d9a833bb01839aa0c236eb5fe18008bd21fa980873a0c463ba1866506b4af9e 200 in 37ms
 GET /api/onboard?action=status&ethAddress=0x33f97321214b5b8443f6212a05836c8ffe42dda5 304 in 2ms
 GET /api/onboard?action=status&ethAddress=0x33f97321214b5b8443f6212a05836c8ffe42dda5 304 in 1ms
 GET /?page=bridge 200 in 216ms
 GET /api/canton-balances?party=dde6467edc610708573d717a53c7c396%3A%3A12200d9a833bb01839aa0c236eb5fe18008bd21fa980873a0c463ba1866506b4af9e 200 in 99ms
 GET /api/canton-balances?party=dde6467edc610708573d717a53c7c396%3A%3A12200d9a833bb01839aa0c236eb5fe18008bd21fa980873a0c463ba1866506b4af9e 200 in 36ms
 GET / 200 in 244ms
 GET /?id=18f9dc68-4c10-48a4-ab00-bc2ab96786a5&vscodeBrowserReqId=1771756218504 200 in 896ms
 GET / 200 in 353ms
 GET /?page=admin 200 in 220ms
 GET /?page=bridge 200 in 222ms
 GET /api/canton-balances?party=dde6467edc610708573d717a53c7c396%3A%3A12200d9a833bb01839aa0c236eb5fe18008bd21fa980873a0c463ba1866506b4af9e 200 in 62ms
 GET /api/canton-balances?party=dde6467edc610708573d717a53c7c396%3A%3A12200d9a833bb01839aa0c236eb5fe18008bd21fa980873a0c463ba1866506b4af9e 200 in 50ms
 GET /api/canton-balances?party=dde6467edc610708573d717a53c7c396%3A%3A12200d9a833bb01839aa0c236eb5fe18008bd21fa980873a0c463ba1866506b4af9e 200 in 53ms
 GET /api/canton-balances?party=dde6467edc610708573d717a53c7c396%3A%3A12200d9a833bb01839aa0c236eb5fe18008bd21fa980873a0c463ba1866506b4af9e 200 in 42ms
 GET /api/canton-balances?party=dde6467edc610708573d717a53c7c396%3A%3A12200d9a833bb01839aa0c236eb5fe18008bd21fa980873a0c463ba1866506b4af9e 200 in 48ms
 GET /api/canton-balances?party=dde6467edc610708573d717a53c7c396%3A%3A12200d9a833bb01839aa0c236eb5fe18008bd21fa980873a0c463ba1866506b4af9e 200 in 70ms
 GET /api/canton-balances?party=dde6467edc610708573d717a53c7c396%3A%3A12200d9a833bb01839aa0c236eb5fe18008bd21fa980873a0c463ba1866506b4af9e 200 in 76ms
 GET /api/canton-balances?party=dde6467edc610708573d717a53c7c396%3A%3A12200d9a833bb01839aa0c236eb5fe18008bd21fa980873a0c463ba1866506b4af9e 200 in 67ms
 GET /api/canton-balances?party=dde6467edc610708573d717a53c7c396%3A%3A12200d9a833bb01839aa0c236eb5fe18008bd21fa980873a0c463ba1866506b4af9e 200 in 58ms
 GET /api/canton-balances?party=dde6467edc610708573d717a53c7c396%3A%3A12200d9a833bb01839aa0c236eb5fe18008bd21fa980873a0c463ba1866506b4af9e 200 in 40ms
 GET /?page=stake 200 in 217ms
 GET /api/canton-balances?party=dde6467edc610708573d717a53c7c396%3A%3A12200d9a833bb01839aa0c236eb5fe18008bd21fa980873a0c463ba1866506b4af9e 200 in 68ms
 GET /api/canton-balances?party=dde6467edc610708573d717a53c7c396%3A%3A12200d9a833bb01839aa0c236eb5fe18008bd21fa980873a0c463ba1866506b4af9e 200 in 45ms
 GET /api/canton-balances?party=dde6467edc610708573d717a53c7c396%3A%3A12200d9a833bb01839aa0c236eb5fe18008bd21fa980873a0c463ba1866506b4af9e 200 in 67ms
 GET /api/canton-balances?party=dde6467edc610708573d717a53c7c396%3A%3A12200d9a833bb01839aa0c236eb5fe18008bd21fa980873a0c463ba1866506b4af9e 200 in 41ms
 GET /api/canton-balances?party=dde6467edc610708573d717a53c7c396%3A%3A12200d9a833bb01839aa0c236eb5fe18008bd21fa980873a0c463ba1866506b4af9e 200 in 46ms
 GET /api/canton-balances?party=dde6467edc610708573d717a53c7c396%3A%3A12200d9a833bb01839aa0c236eb5fe18008bd21fa980873a0c463ba1866506b4af9e 200 in 36ms
 GET /api/canton-balances?party=dde6467edc610708573d717a53c7c396%3A%3A12200d9a833bb01839aa0c236eb5fe18008bd21fa980873a0c463ba1866506b4af9e 200 in 91ms
 GET /api/canton-balances?party=dde6467edc610708573d717a53c7c396%3A%3A12200d9a833bb01839aa0c236eb5fe18008bd21fa980873a0c463ba1866506b4af9e 200 in 32ms
 GET /api/canton-balances?party=dde6467edc610708573d717a53c7c396%3A%3A12200d9a833bb01839aa0c236eb5fe18008bd21fa980873a0c463ba1866506b4af9e 200 in 72ms
 GET /api/canton-balances?party=dde6467edc610708573d717a53c7c396%3A%3A12200d9a833bb01839aa0c236eb5fe18008bd21fa980873a0c463ba1866506b4af9e 200 in 113ms
 GET /api/canton-balances?party=dde6467edc610708573d717a53c7c396%3A%3A12200d9a833bb01839aa0c236eb5fe18008bd21fa980873a0c463ba1866506b4af9e 200 in 50ms
 GET /api/canton-balances?party=dde6467edc610708573d717a53c7c396%3A%3A12200d9a833bb01839aa0c236eb5fe18008bd21fa980873a0c463ba1866506b4af9e 200 in 52ms
 GET /api/canton-balances?party=dde6467edc610708573d717a53c7c396%3A%3A12200d9a833bb01839aa0c236eb5fe18008bd21fa980873a0c463ba1866506b4af9e 200 in 38ms
 GET /api/canton-balances?party=dde6467edc610708573d717a53c7c396%3A%3A12200d9a833bb01839aa0c236eb5fe18008bd21fa980873a0c463ba1866506b4af9e 200 in 46ms
[?25h
